Archive member included to satisfy reference by file (symbol)

c:/program files (x86)/atmel/studio/7.0/toolchain/avr8/avr8-gnu-toolchain/bin/../lib/gcc/avr/5.4.0/avr5\libgcc.a(_exit.o)
                              C:/Program Files (x86)/Atmel/Studio/7.0/Packs/Atmel/ATmega_DFP/1.6.364/gcc/dev/atmega32/avr5/crtatmega32.o (exit)
c:/program files (x86)/atmel/studio/7.0/toolchain/avr8/avr8-gnu-toolchain/bin/../lib/gcc/avr/5.4.0/avr5\libgcc.a(_copy_data.o)
                              Inturpt.o (__do_copy_data)
c:/program files (x86)/atmel/studio/7.0/toolchain/avr8/avr8-gnu-toolchain/bin/../lib/gcc/avr/5.4.0/avr5\libgcc.a(_clear_bss.o)
                              Inturpt.o (__do_clear_bss)

Allocating common symbols
Common symbol       size              file

b                   0x2               Inturpt.o
x                   0x4               main.o
f                   0x2               Inturpt.o

Discarded input sections

 .data          0x00000000        0x0 C:/Program Files (x86)/Atmel/Studio/7.0/Packs/Atmel/ATmega_DFP/1.6.364/gcc/dev/atmega32/avr5/crtatmega32.o
 .bss           0x00000000        0x0 C:/Program Files (x86)/Atmel/Studio/7.0/Packs/Atmel/ATmega_DFP/1.6.364/gcc/dev/atmega32/avr5/crtatmega32.o
 .text          0x00000000        0x0 DIO.o
 .data          0x00000000        0x0 DIO.o
 .bss           0x00000000        0x0 DIO.o
 .text.DIO_SetPortDir
                0x00000000       0x20 DIO.o
 .text.DIO_SetPortValue
                0x00000000       0x20 DIO.o
 .text.DIO_ReadPortValue
                0x00000000       0x30 DIO.o
 .text.DIO_ReadPinValue
                0x00000000       0x68 DIO.o
 .text.DIO_TogglePort
                0x00000000       0x30 DIO.o
 .text.DIO_TogglePin
                0x00000000       0x68 DIO.o
 .text.DIO_SetPullUp
                0x00000000       0x68 DIO.o
 .text          0x00000000        0x0 eeprom.o
 .data          0x00000000        0x0 eeprom.o
 .bss           0x00000000        0x0 eeprom.o
 .text.EEpromInit
                0x00000000        0x6 eeprom.o
 .text.E2PROM_WriteMultyByteOn
                0x00000000       0x48 eeprom.o
 .text.E2PROM_ReadMultyByteFrom
                0x00000000       0x2e eeprom.o
 .text          0x00000000        0x0 I2C.o
 .data          0x00000000        0x0 I2C.o
 .bss           0x00000000        0x0 I2C.o
 .text.i2c_init_master
                0x00000000       0x10 I2C.o
 .text.i2c_init_slave
                0x00000000        0xa I2C.o
 .text.i2c_slave_check_slave_address_received_with_write_req
                0x00000000       0x14 I2C.o
 .text.i2c_slave_check_slave_address_received_with_read_req
                0x00000000       0x14 I2C.o
 .text.i2c_slave_read_byte
                0x00000000       0x16 I2C.o
 .text.i2c_slave_write_byte
                0x00000000       0x16 I2C.o
 .text          0x00000000        0x0 Inturpt.o
 .data          0x00000000        0x0 Inturpt.o
 .bss           0x00000000        0x0 Inturpt.o
 .text.sci_initilized
                0x00000000       0x1a Inturpt.o
 .text.UART_sendbyte
                0x00000000        0x8 Inturpt.o
 .text.start_checkpassword
                0x00000000      0x186 Inturpt.o
 .bss.counter_if_wrong
                0x00000000        0x2 Inturpt.o
 .bss.c_u       0x00000000        0x2 Inturpt.o
 .bss.tc        0x00000000        0x2 Inturpt.o
 .bss.m         0x00000000        0x2 Inturpt.o
 .data.f1       0x00000000        0x2 Inturpt.o
 .debug_info    0x00000000      0x2ac Inturpt.o
 .debug_abbrev  0x00000000      0x185 Inturpt.o
 .debug_loc     0x00000000       0xd9 Inturpt.o
 .debug_aranges
                0x00000000       0x30 Inturpt.o
 .debug_ranges  0x00000000       0x38 Inturpt.o
 .debug_line    0x00000000      0x243 Inturpt.o
 .debug_str     0x00000000      0x234 Inturpt.o
 .comment       0x00000000       0x31 Inturpt.o
 .debug_frame   0x00000000       0x58 Inturpt.o
 COMMON         0x00000000        0x4 Inturpt.o
 .text          0x00000000        0x0 LCD.o
 .data          0x00000000        0x0 LCD.o
 .bss           0x00000000        0x0 LCD.o
 .text.LCD_WriteString
                0x00000000       0x2c LCD.o
 .text.LCD_GoToLocation
                0x00000000       0x28 LCD.o
 .text.LCD_Clear
                0x00000000        0x8 LCD.o
 .text          0x00000000        0x0 main.o
 .data          0x00000000        0x0 main.o
 .bss           0x00000000        0x0 main.o
 .bss.n         0x00000000        0x2 main.o
 .bss.c         0x00000000        0x2 main.o
 COMMON         0x00000000        0x4 main.o
 .text          0x00000000        0x0 SPI.o
 .data          0x00000000        0x0 SPI.o
 .bss           0x00000000        0x0 SPI.o
 .text.SPI_Slave_Init
                0x00000000       0x30 SPI.o
 .text.SPI_Master_TermTrans
                0x00000000       0x1e SPI.o
 .text          0x00000000        0x0 Timer.o
 .data          0x00000000        0x0 Timer.o
 .bss           0x00000000        0x0 Timer.o
 .text.timer_inti
                0x00000000       0x10 Timer.o
 .text.timer_stopinti
                0x00000000        0xa Timer.o
 .text.timer_dcmotor_start
                0x00000000       0x78 Timer.o
 .debug_info    0x00000000       0xe2 Timer.o
 .debug_abbrev  0x00000000       0x83 Timer.o
 .debug_aranges
                0x00000000       0x30 Timer.o
 .debug_ranges  0x00000000       0x20 Timer.o
 .debug_line    0x00000000       0xfa Timer.o
 .debug_str     0x00000000      0x1c5 Timer.o
 .comment       0x00000000       0x31 Timer.o
 .debug_frame   0x00000000       0x44 Timer.o
 .text          0x00000000        0x0 UART.o
 .data          0x00000000        0x0 UART.o
 .bss           0x00000000        0x0 UART.o
 .text.UART_Init
                0x00000000       0x14 UART.o
 .text.UART_Tx  0x00000000        0x8 UART.o
 .text.UART_TxString
                0x00000000       0x2c UART.o
 .text.UART_Rx  0x00000000        0x8 UART.o
 .debug_info    0x00000000      0x135 UART.o
 .debug_abbrev  0x00000000       0xdb UART.o
 .debug_loc     0x00000000       0xa1 UART.o
 .debug_aranges
                0x00000000       0x38 UART.o
 .debug_ranges  0x00000000       0x28 UART.o
 .debug_line    0x00000000       0xe0 UART.o
 .debug_str     0x00000000      0x1a1 UART.o
 .comment       0x00000000       0x31 UART.o
 .debug_frame   0x00000000       0x64 UART.o
 .text          0x00000000        0x0 c:/program files (x86)/atmel/studio/7.0/toolchain/avr8/avr8-gnu-toolchain/bin/../lib/gcc/avr/5.4.0/avr5\libgcc.a(_exit.o)
 .data          0x00000000        0x0 c:/program files (x86)/atmel/studio/7.0/toolchain/avr8/avr8-gnu-toolchain/bin/../lib/gcc/avr/5.4.0/avr5\libgcc.a(_exit.o)
 .bss           0x00000000        0x0 c:/program files (x86)/atmel/studio/7.0/toolchain/avr8/avr8-gnu-toolchain/bin/../lib/gcc/avr/5.4.0/avr5\libgcc.a(_exit.o)
 .text.libgcc.mul
                0x00000000        0x0 c:/program files (x86)/atmel/studio/7.0/toolchain/avr8/avr8-gnu-toolchain/bin/../lib/gcc/avr/5.4.0/avr5\libgcc.a(_exit.o)
 .text.libgcc.div
                0x00000000        0x0 c:/program files (x86)/atmel/studio/7.0/toolchain/avr8/avr8-gnu-toolchain/bin/../lib/gcc/avr/5.4.0/avr5\libgcc.a(_exit.o)
 .text.libgcc   0x00000000        0x0 c:/program files (x86)/atmel/studio/7.0/toolchain/avr8/avr8-gnu-toolchain/bin/../lib/gcc/avr/5.4.0/avr5\libgcc.a(_exit.o)
 .text.libgcc.prologue
                0x00000000        0x0 c:/program files (x86)/atmel/studio/7.0/toolchain/avr8/avr8-gnu-toolchain/bin/../lib/gcc/avr/5.4.0/avr5\libgcc.a(_exit.o)
 .text.libgcc.builtins
                0x00000000        0x0 c:/program files (x86)/atmel/studio/7.0/toolchain/avr8/avr8-gnu-toolchain/bin/../lib/gcc/avr/5.4.0/avr5\libgcc.a(_exit.o)
 .text.libgcc.fmul
                0x00000000        0x0 c:/program files (x86)/atmel/studio/7.0/toolchain/avr8/avr8-gnu-toolchain/bin/../lib/gcc/avr/5.4.0/avr5\libgcc.a(_exit.o)
 .text.libgcc.fixed
                0x00000000        0x0 c:/program files (x86)/atmel/studio/7.0/toolchain/avr8/avr8-gnu-toolchain/bin/../lib/gcc/avr/5.4.0/avr5\libgcc.a(_exit.o)
 .text          0x00000000        0x0 c:/program files (x86)/atmel/studio/7.0/toolchain/avr8/avr8-gnu-toolchain/bin/../lib/gcc/avr/5.4.0/avr5\libgcc.a(_copy_data.o)
 .data          0x00000000        0x0 c:/program files (x86)/atmel/studio/7.0/toolchain/avr8/avr8-gnu-toolchain/bin/../lib/gcc/avr/5.4.0/avr5\libgcc.a(_copy_data.o)
 .bss           0x00000000        0x0 c:/program files (x86)/atmel/studio/7.0/toolchain/avr8/avr8-gnu-toolchain/bin/../lib/gcc/avr/5.4.0/avr5\libgcc.a(_copy_data.o)
 .text.libgcc.mul
                0x00000000        0x0 c:/program files (x86)/atmel/studio/7.0/toolchain/avr8/avr8-gnu-toolchain/bin/../lib/gcc/avr/5.4.0/avr5\libgcc.a(_copy_data.o)
 .text.libgcc.div
                0x00000000        0x0 c:/program files (x86)/atmel/studio/7.0/toolchain/avr8/avr8-gnu-toolchain/bin/../lib/gcc/avr/5.4.0/avr5\libgcc.a(_copy_data.o)
 .text.libgcc   0x00000000        0x0 c:/program files (x86)/atmel/studio/7.0/toolchain/avr8/avr8-gnu-toolchain/bin/../lib/gcc/avr/5.4.0/avr5\libgcc.a(_copy_data.o)
 .text.libgcc.prologue
                0x00000000        0x0 c:/program files (x86)/atmel/studio/7.0/toolchain/avr8/avr8-gnu-toolchain/bin/../lib/gcc/avr/5.4.0/avr5\libgcc.a(_copy_data.o)
 .text.libgcc.builtins
                0x00000000        0x0 c:/program files (x86)/atmel/studio/7.0/toolchain/avr8/avr8-gnu-toolchain/bin/../lib/gcc/avr/5.4.0/avr5\libgcc.a(_copy_data.o)
 .text.libgcc.fmul
                0x00000000        0x0 c:/program files (x86)/atmel/studio/7.0/toolchain/avr8/avr8-gnu-toolchain/bin/../lib/gcc/avr/5.4.0/avr5\libgcc.a(_copy_data.o)
 .text.libgcc.fixed
                0x00000000        0x0 c:/program files (x86)/atmel/studio/7.0/toolchain/avr8/avr8-gnu-toolchain/bin/../lib/gcc/avr/5.4.0/avr5\libgcc.a(_copy_data.o)
 .text          0x00000000        0x0 c:/program files (x86)/atmel/studio/7.0/toolchain/avr8/avr8-gnu-toolchain/bin/../lib/gcc/avr/5.4.0/avr5\libgcc.a(_clear_bss.o)
 .data          0x00000000        0x0 c:/program files (x86)/atmel/studio/7.0/toolchain/avr8/avr8-gnu-toolchain/bin/../lib/gcc/avr/5.4.0/avr5\libgcc.a(_clear_bss.o)
 .bss           0x00000000        0x0 c:/program files (x86)/atmel/studio/7.0/toolchain/avr8/avr8-gnu-toolchain/bin/../lib/gcc/avr/5.4.0/avr5\libgcc.a(_clear_bss.o)
 .text.libgcc.mul
                0x00000000        0x0 c:/program files (x86)/atmel/studio/7.0/toolchain/avr8/avr8-gnu-toolchain/bin/../lib/gcc/avr/5.4.0/avr5\libgcc.a(_clear_bss.o)
 .text.libgcc.div
                0x00000000        0x0 c:/program files (x86)/atmel/studio/7.0/toolchain/avr8/avr8-gnu-toolchain/bin/../lib/gcc/avr/5.4.0/avr5\libgcc.a(_clear_bss.o)
 .text.libgcc   0x00000000        0x0 c:/program files (x86)/atmel/studio/7.0/toolchain/avr8/avr8-gnu-toolchain/bin/../lib/gcc/avr/5.4.0/avr5\libgcc.a(_clear_bss.o)
 .text.libgcc.prologue
                0x00000000        0x0 c:/program files (x86)/atmel/studio/7.0/toolchain/avr8/avr8-gnu-toolchain/bin/../lib/gcc/avr/5.4.0/avr5\libgcc.a(_clear_bss.o)
 .text.libgcc.builtins
                0x00000000        0x0 c:/program files (x86)/atmel/studio/7.0/toolchain/avr8/avr8-gnu-toolchain/bin/../lib/gcc/avr/5.4.0/avr5\libgcc.a(_clear_bss.o)
 .text.libgcc.fmul
                0x00000000        0x0 c:/program files (x86)/atmel/studio/7.0/toolchain/avr8/avr8-gnu-toolchain/bin/../lib/gcc/avr/5.4.0/avr5\libgcc.a(_clear_bss.o)
 .text.libgcc.fixed
                0x00000000        0x0 c:/program files (x86)/atmel/studio/7.0/toolchain/avr8/avr8-gnu-toolchain/bin/../lib/gcc/avr/5.4.0/avr5\libgcc.a(_clear_bss.o)

Memory Configuration

Name             Origin             Length             Attributes
text             0x00000000         0x00008000         xr
data             0x00800060         0x00000800         rw !x
eeprom           0x00810000         0x00000400         rw !x
fuse             0x00820000         0x00000002         rw !x
lock             0x00830000         0x00000400         rw !x
signature        0x00840000         0x00000400         rw !x
user_signatures  0x00850000         0x00000400         rw !x
*default*        0x00000000         0xffffffff

Linker script and memory map

LOAD C:/Program Files (x86)/Atmel/Studio/7.0/Packs/Atmel/ATmega_DFP/1.6.364/gcc/dev/atmega32/avr5/crtatmega32.o
LOAD DIO.o
LOAD eeprom.o
LOAD I2C.o
LOAD Inturpt.o
LOAD LCD.o
LOAD main.o
LOAD SPI.o
LOAD Timer.o
LOAD UART.o
START GROUP
LOAD c:/program files (x86)/atmel/studio/7.0/toolchain/avr8/avr8-gnu-toolchain/bin/../lib/gcc/avr/5.4.0/../../../../avr/lib/avr5\libm.a
END GROUP
START GROUP
LOAD c:/program files (x86)/atmel/studio/7.0/toolchain/avr8/avr8-gnu-toolchain/bin/../lib/gcc/avr/5.4.0/avr5\libgcc.a
LOAD c:/program files (x86)/atmel/studio/7.0/toolchain/avr8/avr8-gnu-toolchain/bin/../lib/gcc/avr/5.4.0/../../../../avr/lib/avr5\libm.a
LOAD c:/program files (x86)/atmel/studio/7.0/toolchain/avr8/avr8-gnu-toolchain/bin/../lib/gcc/avr/5.4.0/../../../../avr/lib/avr5\libc.a
LOAD C:/Program Files (x86)/Atmel/Studio/7.0/Packs/Atmel/ATmega_DFP/1.6.364/gcc/dev/atmega32/avr5\libatmega32.a
END GROUP
                [0x00008000]                __TEXT_REGION_LENGTH__ = DEFINED (__TEXT_REGION_LENGTH__)?__TEXT_REGION_LENGTH__:0x20000
                [0x00000800]                __DATA_REGION_LENGTH__ = DEFINED (__DATA_REGION_LENGTH__)?__DATA_REGION_LENGTH__:0xffa0
                [0x00000400]                __EEPROM_REGION_LENGTH__ = DEFINED (__EEPROM_REGION_LENGTH__)?__EEPROM_REGION_LENGTH__:0x10000
                [0x00000002]                __FUSE_REGION_LENGTH__ = DEFINED (__FUSE_REGION_LENGTH__)?__FUSE_REGION_LENGTH__:0x400
                0x00000400                __LOCK_REGION_LENGTH__ = DEFINED (__LOCK_REGION_LENGTH__)?__LOCK_REGION_LENGTH__:0x400
                0x00000400                __SIGNATURE_REGION_LENGTH__ = DEFINED (__SIGNATURE_REGION_LENGTH__)?__SIGNATURE_REGION_LENGTH__:0x400
                0x00000400                __USER_SIGNATURE_REGION_LENGTH__ = DEFINED (__USER_SIGNATURE_REGION_LENGTH__)?__USER_SIGNATURE_REGION_LENGTH__:0x400

.hash
 *(.hash)

.dynsym
 *(.dynsym)

.dynstr
 *(.dynstr)

.gnu.version
 *(.gnu.version)

.gnu.version_d
 *(.gnu.version_d)

.gnu.version_r
 *(.gnu.version_r)

.rel.init
 *(.rel.init)

.rela.init
 *(.rela.init)

.rel.text
 *(.rel.text)
 *(.rel.text.*)
 *(.rel.gnu.linkonce.t*)

.rela.text
 *(.rela.text)
 *(.rela.text.*)
 *(.rela.gnu.linkonce.t*)

.rel.fini
 *(.rel.fini)

.rela.fini
 *(.rela.fini)

.rel.rodata
 *(.rel.rodata)
 *(.rel.rodata.*)
 *(.rel.gnu.linkonce.r*)

.rela.rodata
 *(.rela.rodata)
 *(.rela.rodata.*)
 *(.rela.gnu.linkonce.r*)

.rel.data
 *(.rel.data)
 *(.rel.data.*)
 *(.rel.gnu.linkonce.d*)

.rela.data
 *(.rela.data)
 *(.rela.data.*)
 *(.rela.gnu.linkonce.d*)

.rel.ctors
 *(.rel.ctors)

.rela.ctors
 *(.rela.ctors)

.rel.dtors
 *(.rel.dtors)

.rela.dtors
 *(.rela.dtors)

.rel.got
 *(.rel.got)

.rela.got
 *(.rela.got)

.rel.bss
 *(.rel.bss)

.rela.bss
 *(.rela.bss)

.rel.plt
 *(.rel.plt)

.rela.plt
 *(.rela.plt)

.text           0x00000000      0x61e
 *(.vectors)
 .vectors       0x00000000       0x54 C:/Program Files (x86)/Atmel/Studio/7.0/Packs/Atmel/ATmega_DFP/1.6.364/gcc/dev/atmega32/avr5/crtatmega32.o
                0x00000000                __vector_default
                0x00000000                __vectors
 *(.vectors)
 *(.progmem.gcc*)
                0x00000054                . = ALIGN (0x2)
                0x00000054                __trampolines_start = .
 *(.trampolines)
 .trampolines   0x00000054        0x0 linker stubs
 *(.trampolines*)
                0x00000054                __trampolines_end = .
 *libprintf_flt.a:*(.progmem.data)
 *libc.a:*(.progmem.data)
 *(.progmem*)
                0x00000054                . = ALIGN (0x2)
 *(.jumptables)
 *(.jumptables*)
 *(.lowtext)
 *(.lowtext*)
                0x00000054                __ctors_start = .
 *(.ctors)
                0x00000054                __ctors_end = .
                0x00000054                __dtors_start = .
 *(.dtors)
                0x00000054                __dtors_end = .
 SORT(*)(.ctors)
 SORT(*)(.dtors)
 *(.init0)
 .init0         0x00000054        0x0 C:/Program Files (x86)/Atmel/Studio/7.0/Packs/Atmel/ATmega_DFP/1.6.364/gcc/dev/atmega32/avr5/crtatmega32.o
                0x00000054                __init
 *(.init0)
 *(.init1)
 *(.init1)
 *(.init2)
 .init2         0x00000054        0xc C:/Program Files (x86)/Atmel/Studio/7.0/Packs/Atmel/ATmega_DFP/1.6.364/gcc/dev/atmega32/avr5/crtatmega32.o
 *(.init2)
 *(.init3)
 *(.init3)
 *(.init4)
 .init4         0x00000060       0x16 c:/program files (x86)/atmel/studio/7.0/toolchain/avr8/avr8-gnu-toolchain/bin/../lib/gcc/avr/5.4.0/avr5\libgcc.a(_copy_data.o)
                0x00000060                __do_copy_data
 .init4         0x00000076       0x10 c:/program files (x86)/atmel/studio/7.0/toolchain/avr8/avr8-gnu-toolchain/bin/../lib/gcc/avr/5.4.0/avr5\libgcc.a(_clear_bss.o)
                0x00000076                __do_clear_bss
 *(.init4)
 *(.init5)
 *(.init5)
 *(.init6)
 *(.init6)
 *(.init7)
 *(.init7)
 *(.init8)
 *(.init8)
 *(.init9)
 .init9         0x00000086        0x8 C:/Program Files (x86)/Atmel/Studio/7.0/Packs/Atmel/ATmega_DFP/1.6.364/gcc/dev/atmega32/avr5/crtatmega32.o
 *(.init9)
 *(.text)
 .text          0x0000008e        0x4 C:/Program Files (x86)/Atmel/Studio/7.0/Packs/Atmel/ATmega_DFP/1.6.364/gcc/dev/atmega32/avr5/crtatmega32.o
                0x0000008e                __vector_1
                0x0000008e                __vector_12
                0x0000008e                __bad_interrupt
                0x0000008e                __vector_6
                0x0000008e                __vector_3
                0x0000008e                __vector_11
                0x0000008e                __vector_13
                0x0000008e                __vector_17
                0x0000008e                __vector_19
                0x0000008e                __vector_7
                0x0000008e                __vector_5
                0x0000008e                __vector_4
                0x0000008e                __vector_9
                0x0000008e                __vector_2
                0x0000008e                __vector_15
                0x0000008e                __vector_8
                0x0000008e                __vector_14
                0x0000008e                __vector_10
                0x0000008e                __vector_16
                0x0000008e                __vector_18
                0x0000008e                __vector_20
                0x00000092                . = ALIGN (0x2)
 *(.text.*)
 .text.DIO_SetPinDir
                0x00000092       0xe2 DIO.o
                0x00000092                DIO_SetPinDir
 .text.DIO_SetPinValue
                0x00000174       0xe2 DIO.o
                0x00000174                DIO_SetPinValue
 .text.EEpromWriteByte
                0x00000256       0x28 eeprom.o
                0x00000256                EEpromWriteByte
 .text.EEpromReadByte
                0x0000027e       0x2e eeprom.o
                0x0000027e                EEpromReadByte
 .text.i2c_start
                0x000002ac       0x14 I2C.o
                0x000002ac                i2c_start
 .text.i2c_repeated_start
                0x000002c0       0x14 I2C.o
                0x000002c0                i2c_repeated_start
 .text.i2c_send_slave_address_with_write_req
                0x000002d4       0x18 I2C.o
                0x000002d4                i2c_send_slave_address_with_write_req
 .text.i2c_send_slave_address_with_read_req
                0x000002ec       0x1a I2C.o
                0x000002ec                i2c_send_slave_address_with_read_req
 .text.i2c_write_byte
                0x00000306       0x16 I2C.o
                0x00000306                i2c_write_byte
 .text.i2c_read_byte
                0x0000031c       0x16 I2C.o
                0x0000031c                i2c_read_byte
 .text.i2c_stop
                0x00000332        0x6 I2C.o
                0x00000332                i2c_stop
 .text.LCD_WriteCommand
                0x00000338       0x90 LCD.o
                0x00000338                LCD_WriteCommand
 .text.LCD_Init
                0x000003c8       0x84 LCD.o
                0x000003c8                LCD_Init
 .text.LCD_WriteChar
                0x0000044c       0x90 LCD.o
                0x0000044c                LCD_WriteChar
 .text.main     0x000004dc       0xc4 main.o
                0x000004dc                main
 .text.SPI_Master_Init
                0x000005a0       0x52 SPI.o
                0x000005a0                SPI_Master_Init
 .text.SPI_Master_InitTrans
                0x000005f2       0x1e SPI.o
                0x000005f2                SPI_Master_InitTrans
 .text.SPI_TranSiver
                0x00000610        0xa SPI.o
                0x00000610                SPI_TranSiver
                0x0000061a                . = ALIGN (0x2)
 *(.fini9)
 .fini9         0x0000061a        0x0 c:/program files (x86)/atmel/studio/7.0/toolchain/avr8/avr8-gnu-toolchain/bin/../lib/gcc/avr/5.4.0/avr5\libgcc.a(_exit.o)
                0x0000061a                _exit
                0x0000061a                exit
 *(.fini9)
 *(.fini8)
 *(.fini8)
 *(.fini7)
 *(.fini7)
 *(.fini6)
 *(.fini6)
 *(.fini5)
 *(.fini5)
 *(.fini4)
 *(.fini4)
 *(.fini3)
 *(.fini3)
 *(.fini2)
 *(.fini2)
 *(.fini1)
 *(.fini1)
 *(.fini0)
 .fini0         0x0000061a        0x4 c:/program files (x86)/atmel/studio/7.0/toolchain/avr8/avr8-gnu-toolchain/bin/../lib/gcc/avr/5.4.0/avr5\libgcc.a(_exit.o)
 *(.fini0)
                0x0000061e                _etext = .

.data           0x00800060        0x0 load address 0x0000061e
                0x00800060                PROVIDE (__data_start, .)
 *(.data)
 *(.data*)
 *(.gnu.linkonce.d*)
 *(.rodata)
 *(.rodata*)
 *(.gnu.linkonce.r*)
                0x00800060                . = ALIGN (0x2)
                0x00800060                _edata = .
                0x00800060                PROVIDE (__data_end, .)

.bss            0x00800060        0x3
                0x00800060                PROVIDE (__bss_start, .)
 *(.bss)
 *(.bss*)
 .bss.Received  0x00800060        0x1 main.o
                0x00800060                Received
 .bss.i         0x00800061        0x2 main.o
                0x00800061                i
 *(COMMON)
                0x00800063                PROVIDE (__bss_end, .)
                0x0000061e                __data_load_start = LOADADDR (.data)
                0x0000061e                __data_load_end = (__data_load_start + SIZEOF (.data))

.noinit         0x00800063        0x0
                [!provide]                PROVIDE (__noinit_start, .)
 *(.noinit*)
                [!provide]                PROVIDE (__noinit_end, .)
                0x00800063                _end = .
                [!provide]                PROVIDE (__heap_start, .)

.eeprom         0x00810000        0x0
 *(.eeprom*)
                0x00810000                __eeprom_end = .

.fuse
 *(.fuse)
 *(.lfuse)
 *(.hfuse)
 *(.efuse)

.lock
 *(.lock*)

.signature
 *(.signature*)

.user_signatures
 *(.user_signatures*)

.stab
 *(.stab)

.stabstr
 *(.stabstr)

.stab.excl
 *(.stab.excl)

.stab.exclstr
 *(.stab.exclstr)

.stab.index
 *(.stab.index)

.stab.indexstr
 *(.stab.indexstr)

.comment        0x00000000       0x30
 *(.comment)
 .comment       0x00000000       0x30 DIO.o
                                 0x31 (size before relaxing)
 .comment       0x00000030       0x31 eeprom.o
 .comment       0x00000030       0x31 I2C.o
 .comment       0x00000030       0x31 LCD.o
 .comment       0x00000030       0x31 main.o
 .comment       0x00000030       0x31 SPI.o

.note.gnu.avr.deviceinfo
                0x00000000       0x3c
 .note.gnu.avr.deviceinfo
                0x00000000       0x3c C:/Program Files (x86)/Atmel/Studio/7.0/Packs/Atmel/ATmega_DFP/1.6.364/gcc/dev/atmega32/avr5/crtatmega32.o

.note.gnu.build-id
 *(.note.gnu.build-id)

.debug
 *(.debug)

.line
 *(.line)

.debug_srcinfo
 *(.debug_srcinfo)

.debug_sfnames
 *(.debug_sfnames)

.debug_aranges  0x00000000      0x1c8
 *(.debug_aranges)
 .debug_aranges
                0x00000000       0x60 DIO.o
 .debug_aranges
                0x00000060       0x40 eeprom.o
 .debug_aranges
                0x000000a0       0x80 I2C.o
 .debug_aranges
                0x00000120       0x48 LCD.o
 .debug_aranges
                0x00000168       0x20 main.o
 .debug_aranges
                0x00000188       0x40 SPI.o

.debug_pubnames
 *(.debug_pubnames)

.debug_info     0x00000000     0x1a7b
 *(.debug_info .gnu.linkonce.wi.*)
 .debug_info    0x00000000      0x4e6 C:/Program Files (x86)/Atmel/Studio/7.0/Packs/Atmel/ATmega_DFP/1.6.364/gcc/dev/atmega32/avr5/crtatmega32.o
 .debug_info    0x000004e6      0x284 DIO.o
 .debug_info    0x0000076a      0x363 eeprom.o
 .debug_info    0x00000acd      0x1df I2C.o
 .debug_info    0x00000cac      0x69b LCD.o
 .debug_info    0x00001347      0x38c main.o
 .debug_info    0x000016d3      0x3a8 SPI.o

.debug_abbrev   0x00000000      0xb24
 *(.debug_abbrev)
 .debug_abbrev  0x00000000      0x4a3 C:/Program Files (x86)/Atmel/Studio/7.0/Packs/Atmel/ATmega_DFP/1.6.364/gcc/dev/atmega32/avr5/crtatmega32.o
 .debug_abbrev  0x000004a3       0xce DIO.o
 .debug_abbrev  0x00000571      0x106 eeprom.o
 .debug_abbrev  0x00000677       0xa1 I2C.o
 .debug_abbrev  0x00000718      0x16d LCD.o
 .debug_abbrev  0x00000885      0x158 main.o
 .debug_abbrev  0x000009dd      0x147 SPI.o

.debug_line     0x00000000      0xe60
 *(.debug_line .debug_line.* .debug_line_end)
 .debug_line    0x00000000      0x116 C:/Program Files (x86)/Atmel/Studio/7.0/Packs/Atmel/ATmega_DFP/1.6.364/gcc/dev/atmega32/avr5/crtatmega32.o
 .debug_line    0x00000116      0x2f0 DIO.o
 .debug_line    0x00000406      0x153 eeprom.o
 .debug_line    0x00000559      0x297 I2C.o
 .debug_line    0x000007f0      0x2bd LCD.o
 .debug_line    0x00000aad      0x1be main.o
 .debug_line    0x00000c6b      0x1f5 SPI.o

.debug_frame    0x00000000      0x344
 *(.debug_frame)
 .debug_frame   0x00000000       0xa4 DIO.o
 .debug_frame   0x000000a4       0x90 eeprom.o
 .debug_frame   0x00000134       0xe4 I2C.o
 .debug_frame   0x00000218       0xa4 LCD.o
 .debug_frame   0x000002bc       0x24 main.o
 .debug_frame   0x000002e0       0x64 SPI.o

.debug_str      0x00000000      0x6a4
 *(.debug_str)
 .debug_str     0x00000000      0x196 C:/Program Files (x86)/Atmel/Studio/7.0/Packs/Atmel/ATmega_DFP/1.6.364/gcc/dev/atmega32/avr5/crtatmega32.o
 .debug_str     0x00000196      0x1ce DIO.o
                                0x200 (size before relaxing)
 .debug_str     0x00000364      0x107 eeprom.o
                                0x26c (size before relaxing)
 .debug_str     0x0000046b       0xbc I2C.o
                                0x2b7 (size before relaxing)
 .debug_str     0x00000527       0xd0 LCD.o
                                0x258 (size before relaxing)
 .debug_str     0x000005f7       0x5b main.o
                                0x26d (size before relaxing)
 .debug_str     0x00000652       0x52 SPI.o
                                0x276 (size before relaxing)

.debug_loc      0x00000000      0xc57
 *(.debug_loc)
 .debug_loc     0x00000000      0x3bc DIO.o
 .debug_loc     0x000003bc      0x1fd eeprom.o
 .debug_loc     0x000005b9       0x9c I2C.o
 .debug_loc     0x00000655      0x3b9 LCD.o
 .debug_loc     0x00000a0e      0x133 main.o
 .debug_loc     0x00000b41      0x116 SPI.o

.debug_macinfo
 *(.debug_macinfo)

.debug_weaknames
 *(.debug_weaknames)

.debug_funcnames
 *(.debug_funcnames)

.debug_typenames
 *(.debug_typenames)

.debug_varnames
 *(.debug_varnames)

.debug_pubtypes
 *(.debug_pubtypes)

.debug_ranges   0x00000000      0x168
 *(.debug_ranges)
 .debug_ranges  0x00000000       0x50 DIO.o
 .debug_ranges  0x00000050       0x30 eeprom.o
 .debug_ranges  0x00000080       0x70 I2C.o
 .debug_ranges  0x000000f0       0x38 LCD.o
 .debug_ranges  0x00000128       0x10 main.o
 .debug_ranges  0x00000138       0x30 SPI.o

.debug_macro
 *(.debug_macro)
OUTPUT(MicroControler2.elf elf32-avr)
LOAD linker stubs
